2026-06-14 12:49:44 | INFO     | __main__:41 | === 抖音每日任务开始 ===
2026-06-14 12:49:44 | DEBUG    | core.device_manager:23 | Found 1 device(s)
2026-06-14 12:49:44 | INFO     | core.device_manager:46 | Connected to device: 10AFC10CPA001SL
2026-06-14 12:49:44 | INFO     | utils.common:36 | 已连接设备：10AFC10CPA001SL
2026-06-14 12:49:45 | INFO     | __main__:48 | 步骤1：打开抖音
2026-06-14 12:49:45 | INFO     | core.app_controller:25 | Launching app: com.ss.android.ugc.aweme
2026-06-14 12:49:51 | INFO     | utils.common:66 | ✅ 断言通过：抖音应在前台运行，实际前台包名为：com.ss.android.ugc.aweme
2026-06-14 12:49:51 | INFO     | __main__:61 | 步骤2：切换频道到深圳
2026-06-14 12:49:51 | WARNING  | __main__:215 | 未找到城市切换入口，跳过步骤2
2026-06-14 12:49:54 | INFO     | utils.common:66 | ✅ 断言通过：城市切换后应仍在抖音内，实际前台包名为：com.ss.android.ugc.aweme
2026-06-14 12:49:54 | INFO     | __main__:74 | 步骤3：点击搜索放大镜
2026-06-14 12:49:54 | WARNING  | __main__:234 | 未找到搜索图标，点击右上角坐标兜底
2026-06-14 12:49:56 | ERROR    | utils.common:68 | ❌ 断言失败：点击搜索图标后，搜索输入框应出现在屏幕上
2026-06-14 12:49:56 | ERROR    | core.exception_handler:36 | Exception [assertion]: AssertionError: 点击搜索图标后，搜索输入框应出现在屏幕上
2026-06-14 12:49:56 | DEBUG    | core.exception_handler:37 | NoneType: None

2026-06-14 12:49:56 | INFO     | core.ui_automator:164 | Taking screenshot -> d:\OPPOTool\NaturalLangua1_033013\NaturalLangua\tasks\..\screenshots\error_20260614_124956.png
2026-06-14 12:49:56 | INFO     | core.exception_handler:46 | Error screenshot saved: d:\OPPOTool\NaturalLangua1_033013\NaturalLangua\tasks\..\screenshots\error_20260614_124956.png
2026-06-14 12:49:56 | ERROR    | __main__:161 | 任务因断言失败而终止
2026-06-14 12:50:27 | INFO     | __main__:41 | === 抖音每日任务开始 ===
2026-06-14 12:50:28 | DEBUG    | core.device_manager:23 | Found 1 device(s)
2026-06-14 12:50:28 | INFO     | core.device_manager:46 | Connected to device: 10AFC10CPA001SL
2026-06-14 12:50:28 | INFO     | utils.common:36 | 已连接设备：10AFC10CPA001SL
2026-06-14 12:50:28 | INFO     | __main__:48 | 步骤1：打开抖音
2026-06-14 12:50:28 | INFO     | core.app_controller:25 | Launching app: com.ss.android.ugc.aweme
2026-06-14 12:50:33 | INFO     | utils.common:66 | ✅ 断言通过：抖音应在前台运行，实际前台包名为：com.ss.android.ugc.aweme
2026-06-14 12:50:33 | INFO     | __main__:61 | 步骤2：切换频道到深圳
2026-06-14 12:50:38 | INFO     | utils.common:66 | ✅ 断言通过：城市切换后应仍在抖音内，实际前台包名为：com.ss.android.ugc.aweme
2026-06-14 12:50:38 | INFO     | __main__:74 | 步骤3：点击搜索放大镜
2026-06-14 12:50:41 | INFO     | utils.common:66 | ✅ 断言通过：点击搜索图标后，搜索输入框应出现在屏幕上
2026-06-14 12:50:41 | INFO     | __main__:91 | 步骤3：输入搜索词「好看的视频」
2026-06-14 12:50:41 | INFO     | core.ui_automator:127 | Inputting text: '好看的视频'
2026-06-14 12:51:00 | INFO     | utils.common:66 | ✅ 断言通过：输入文字后，搜索框内容不应为空
2026-06-14 12:51:00 | INFO     | __main__:105 | 步骤4：点击搜索按钮
2026-06-14 12:51:03 | INFO     | utils.common:66 | ✅ 断言通过：点击搜索后，应出现搜索结果列表
2026-06-14 12:51:03 | INFO     | __main__:124 | 步骤5：上滑一次
2026-06-14 12:51:03 | INFO     | core.ui_automator:89 | Swiping up
2026-06-14 12:51:07 | INFO     | __main__:128 | 步骤5：点击视频
2026-06-14 12:51:13 | INFO     | utils.common:66 | ✅ 断言通过：点击视频后，应进入视频播放页面（底部应出现评论输入框）
2026-06-14 12:51:13 | INFO     | __main__:145 | 步骤6：退出抖音
2026-06-14 12:51:13 | INFO     | core.app_controller:36 | Stopping app: com.ss.android.ugc.aweme
2026-06-14 12:51:15 | INFO     | utils.common:66 | ✅ 断言通过：退出后抖音不应在前台，实际前台包名为：com.bbk.launcher2
2026-06-14 12:51:15 | INFO     | __main__:157 | === 抖音每日任务完成 ===
2026-06-14 14:02:42 | INFO     | __main__:123 | 开始执行 APK：douyin
2026-06-14 14:02:42 | INFO     | tasks.framework.runner:84 | --- APK 开始: 抖音 (douyin) ---
2026-06-14 14:02:42 | INFO     | tasks.framework.runner:86 |     说明：抖音自动化：每日搜索播放任务
2026-06-14 14:02:42 | DEBUG    | core.device_manager:23 | Found 1 device(s)
2026-06-14 14:02:42 | INFO     | core.device_manager:46 | Connected to device: 10AFC10CPA001SL
2026-06-14 14:02:42 | INFO     | utils.common:36 | 已连接设备：10AFC10CPA001SL
2026-06-14 14:02:44 | INFO     | tasks.framework.base_case:56 | >> 用例开始 [抖音/daily] 抖音每日任务
2026-06-14 14:02:44 | INFO     | core.app_controller:25 | Launching app: com.ss.android.ugc.aweme
2026-06-14 14:02:45 | INFO     | core.ui_automator:217 | Waiting 4s
2026-06-14 14:02:49 | INFO     | utils.common:66 | ✅ 断言通过：抖音应在前台，包名 com.ss.android.ugc.aweme
2026-06-14 14:02:50 | WARNING  | tasks.apk.douyin.helpers:56 | 未找到城市切换入口，跳过同城切换
2026-06-14 14:02:50 | INFO     | core.ui_automator:217 | Waiting 2s
2026-06-14 14:02:53 | INFO     | utils.common:66 | ✅ 断言通过：城市切换后应仍在抖音内
2026-06-14 14:02:57 | WARNING  | tasks.apk.douyin.helpers:75 | 未找到搜索图标，点击右上角坐标兜底
2026-06-14 14:02:58 | INFO     | core.ui_automator:217 | Waiting 1s
2026-06-14 14:02:59 | INFO     | utils.common:66 | ✅ 断言通过：搜索输入框应出现
2026-06-14 14:02:59 | INFO     | core.ui_automator:127 | Inputting text: '好看的视频'
2026-06-14 14:03:36 | INFO     | core.ui_automator:217 | Waiting 1s
2026-06-14 14:03:38 | INFO     | utils.common:66 | ✅ 断言通过：搜索框内容不应为空
2026-06-14 14:03:38 | INFO     | core.ui_automator:217 | Waiting 3s
2026-06-14 14:03:41 | INFO     | utils.common:66 | ✅ 断言通过：应出现搜索结果列表
2026-06-14 14:03:41 | INFO     | core.ui_automator:89 | Swiping up
2026-06-14 14:03:44 | INFO     | core.ui_automator:217 | Waiting 1s
2026-06-14 14:03:46 | INFO     | core.ui_automator:217 | Waiting 5s
2026-06-14 14:03:52 | INFO     | utils.common:66 | ✅ 断言通过：应进入视频播放页（底部有评论框）
2026-06-14 14:03:52 | INFO     | core.app_controller:36 | Stopping app: com.ss.android.ugc.aweme
2026-06-14 14:03:52 | INFO     | core.ui_automator:217 | Waiting 1s
2026-06-14 14:03:53 | INFO     | utils.common:66 | ✅ 断言通过：退出后抖音不应在前台
2026-06-14 14:03:53 | INFO     | tasks.framework.base_case:70 | << 用例结束 [抖音/daily] 抖音每日任务 — 成功
2026-06-14 14:03:53 | INFO     | tasks.framework.runner:95 | --- APK 结束: 抖音 - 通过 1/1 ---
2026-06-14 14:03:53 | INFO     | tasks.framework.runner:54 | ==================================================
2026-06-14 14:03:53 | INFO     | tasks.framework.runner:55 | 执行汇总：共 1 条，通过 1，失败 0
2026-06-14 14:03:53 | INFO     | tasks.framework.runner:58 |   [PASS] [douyin/daily] 抖音每日任务
2026-06-14 14:03:53 | INFO     | tasks.framework.runner:59 | ==================================================
